octile type
height 101
width 101
map
..###################################################################################################
..#.......#.......#...#.#.............#.....#...........#.....#.....#.....#.#.............#.....#...#
#.###.###.#####.#.###.#.#######.###.###.#######.#.#####.#.#########.###.###.###.#####.#########.###.#
#.#.....#.#.#.#.#...#.......#...#.#.....#...#...#.....#.#...#.....#.#.#.....#.....#...#.....#.#.....#
#.#.#.###.#.#.#.###.###.#########.###.#.###.#.###.#########.#.#####.#.#.###.#######.#.###.#.#.#.#####
#...#.#.........#.#...#.#...#...#...#.#.#.....#...............#.......#...#.....#.#.#.#...#.#...#...#
#.###.###.#.#.#.#.#.#.#.#.#.#.#.#.#####.#.#.###############.#######.#.#.#########.#.#.#####.###.###.#
#.#.....#.#.#.#.#.#.#.....#.#.#.#.#.....#.#...#.#...#...#.#...#.#...#.....#.....#...#.#.....#...#...#
###.#########.#.#.###.#######.#.#.#.#####.#.#.#.#.###.###.#.###.#.#####.###.#.#####.###.#.#.###.###.#
#.....#.....#.#.....#...#.....#.#.........#.#.#...#...#...........#.........#.#.......#.#.#.#...#...#
#.#.#######.#.#.#####.#.###.#####.#######.#.#.###.#.###.###.#####.#########.#.#####.#.#.#######.#.#.#
#.#.#.#.#.....#.#.....#.#...#.....#...#.#.#.#.#.........#.......#...#.....#.#.#.....#...#.....#.#.#.#
#.###.#.#.#.###.###.#.###.###.#.###.###.#.#########.###.###.###.#.###.#.#.#.#####.#.#####.###.#.#.#.#
#...#.#.#.#.#.#.#.#.#.......#.#...#.........#.#.....#...#.#.#...#.....#.#.#.....#.#.#.#.#.#.#...#.#.#
#####.#.###.#.###.#.###.###########.#####.###.#####.#.###.###.#######.#######.#####.#.#.#.#.###.###.#
#.#.....#.....#.#.#.#.#...............#.#.#.....#...#.#...#.#.#.......#.#.#.#.#.....#.#.#.#.#.......#
#.#.###########.#.#.#.#.#########.###.#.###.#.###.#.#####.#.#.#.#######.#.#.#####.###.#.#.#.#####.###
#...#.#...#...........#.....#...#.#...#...#.#.#.#.#...#.#...#.#.#.#.#.....#.....#.#...#.......#.....#
#.###.#.#########.#.#.#######.###.#######.###.#.#####.#.###.#.#.#.#.#.#####.###.#.#.###.#.###.###.#.#
#.....#...#.#.....#.#.#...#.....#...#.#.#.....#.....#...#.....#...........#.#.#...#.#...#.#.#...#.#.#
#.#.#####.#.#.###.###.#.###.#########.#.###.#.###.#.###.###.#####.###.#.#####.#.#.#.#######.#.#.#####
#.#...#.....#.#.#.#.#.#.....#.#...#.#.....#.#.#...#.#.#.#...#.#...#...#.#...#.#.#.#...........#.#...#
###.###.###.#.#.###.#.#.#.#.#.#.###.#.#######.#.#####.###.###.#####.#.#.#.###.###.#####.#######.#.###
#.......#.......#.......#.#.#...#.#.#.#.#.......#.........#...#.#...#.#...#.....#...#.....#.#.#.#...#
#.#########.#.#######.#######.###.#.#.#.###.###.#.###.#######.#.#######.#####.#.#.#########.#.#.#.#.#
#.....#...#.#.#...#...#...#.#.#.#.........#...#.....#.#...#.....#.....#...#...#...#.#.#.........#.#.#
#.#.###.#######.#.#####.###.#.#.#########.#.###.#####.###.#.###.###.#####.###.###.#.#.###.###.#####.#
#.#.........#...#...#.............#.....#.....#.#.#.....#.#.#.#.#.#.........#.#.#.......#.#.#.#.....#
#.#.#.#.###.#.#.#####.#####.#.#.#######.#.#.#####.#####.#.#.#.#.#.#.#.###.#.#.#.#.#.#####.#.###.###.#
#.#.#.#...#...#.......#...#.#.#...#...#.#.#.#.......#...#...#...#.#.#.#.#.#.#.#...#...#...#.....#.#.#
#############.###.#######.###.#.#.#.###.#.#####.###.#.#.###.###.#.#.#.#.#.###.#.#.#.###.###.#####.#.#
#...#...#.......#.#.......#...#.#...#.....#.#.#...#.#.#...#.#.#.#.#.#...#.....#.#.#...#.#.#.#.....#.#
#.#.#.#####.#.#.#.#.###.#.#.###.###.#.#.###.#.###.#######.###.#.#.###.###.#####.###.###.#.#.#.###.#.#
#.#...#.....#.#.#.#.#...#.....#.#.....#...........#.#.....#.#.#...#.......#.....#.........#.....#.#.#
#.#######.###.#####.#######.###############.#.#####.###.###.#.#####.#######.#####.###.#####.#.#.#####
#...#...#...#...#.....#.#.#.#...#.........#.#...#...#.#.#.#.........#...#.#.#.#...#...#.#...#.#...#.#
#.#.#.#####.###########.#.###.#######.#####.#######.#.#.#.#######.#.#.#.#.#.#.#.#.###.#.#.###.###.#.#
#.#.#.......#.#.......#.....#.......#.#.#.........#.#...#.....#...#...#.....#...#...#.....#...#.#.#.#
#.#.#.#######.###.###.#.#.#######.#.#.#.#.#.#.#.#.#.#.#.#####.#.#####.###.###.###.#.#####.#####.#.#.#
#.#.....#.#...#...#.....#...#.....#...#.#.#.#.#.#.....#...#...#.#.#...#.#.#...#.#.#.#.....#...#...#.#
#####.#.#.#.#.###.###########.#####.###.#.#######.###.#.###.#.#.#.#####.#####.#.#.#######.#.#.#####.#
#.....#.....#.#...#.......#...#.....#.......#...#...#.#.#.#.#.#.#.........#...#.#...#.#.#.#.#.....#.#
#####.###.#.###.#.#.#.#.#.#.#.#.#.#####.#######.#.#####.#.#.###.###.#.#####.###.#.#.#.#.###.#####.#.#
#.....#...#...#.#.#.#.#.#.#.#.#.#...........#.........#...#.....#...#...#.#.#.#...#.#.....#.#.#.#...#
#####.#####.###.#.#####.#.###.###.#####.#######.#######.###.#.#####.#.#.#.###.#########.#####.#.#.###
#.#...#.....#...#.#.#...#...#.#...#.......#...#.#.......#.#.#.#...#.#.#.......#.#...#.#...#...#.....#
#.###.#####.#.#.###.#####.###########.###.###.#.#####.###.#.#.###.#.#.#.#####.#.#.###.###.#.#.#.#####
#.......#.....#...#.............#.#.#.#...#...#...#.#.#...#.#...#...#.#...#.#.#...........#.#...#...#
###.#####.#.###.###.#.#.#########.#.#######.#######.#.#.#.#.#.#########.#.#.###########.#.#####.###.#
#.#.#...#.#...#.....#.#.....#.....#.#...#.....#.#.....#.#...#...#.....#.#.......#.....#.#.....#.#...#
#.###.###.#.###.#.#.#.#.###.###.###.###.#.#.###.#.###.###.#####.#####.#.#.###.#####.#######.###.###.#
#.#...#.#.#.#...#.#.#.#.#...........#.....#...#...#...#.......#.#.#.....#...#...#.#.........#...#...#
#.#.#.#.#.#####.#.#.#####.#.#########.###.#######.#.#####.#####.#.#.#########.###.#######.###.###.###
#.#.#.....#...#.#.#.....#.#.....#...#...#.....#...#.#...#...#.......#.#.#...#.....#.........#...#.#.#
#.#####.###.###.#####.###.#####.###.#####.######.######.#####.#.#.###.#.#.###.#.#.#.#.#.###.#.###.#.#
#...#.#...#...#.#.....#...#...#.#...#.#...#.#.#.....#.#.......#.#.......#...#.#.#...#.#...#...#.....#
#.#.#.###.###.#####.#.#.###.#.###.#.#.#.#.#.#.#.###.#.#####.#.#######.#####.#####.#######.###.#.###.#
#.#.......#.......#.#.#.#...#.....#.#...#...#.#.#...#.......#...#.#...#...#.#...#.#.#.#...#.#.#...#.#
#.###########.#########.#.#####.#.#.#######.#.#.#####.#####.###.#.###.#.###.###.###.#.#.#.#.###.#.###
#.#...#...#.....#.#.#...#.#.....#.#.......#...#.#.......#...#.#...#...........#...#...#.#.#.....#...#
#.#.#.#.#####.#.#.#.#.#########.###.#####.#.###.#####.#######.###.#####.#####.#.###.###########.###.#
#.#.#.#.....#.#.....#.#.........#.#...#.......#.#...#...........#...#...#.........#...#...#.....#.#.#
#.#.###.#######.###.#######.#.###.#####.#.#.###.###.#.#.#####.#.#.#####.#######.#.###.#.#.#.###.#.#.#
#.#...#...#.......#.......#.#.........#.#.#...#.#...#.#.#.....#.#.#.....#.#.....#.#.#...#.#.#...#.#.#
#.###.#.#########.#.###.###.#.#####.###########.###.#######.#####.###.###.#######.#.#####.#.#####.###
#.......#...#...#.#.#.....#.#.#.#...#.#.........#.....#...#...#.....#...#.#.#.#...#.#.#.......#.....#
###.#.#.###.#.###.###.#.###.###.#####.#.#######.###.###.###.#####.###.###.#.#.###.#.#.#####.#.#.#.###
#.#.#.#...........#...#.#.....#.#.#...#.#.....#.#.....#.#.#.#.....#...#.......#.#.#.....#...#.#.#...#
#.#####.###.###.#######.#.#.###.#.###.#.#.###.#####.#.#.#.#.###.###.#####.###.#.###.###.#.###.#.#.###
#.......#...#.........#.#.#...#.#.#.........#.#...#.#.......#...#.#.#.....#.......#...#.....#.#.#...#
#.###.###.#####.#######.#.###.#.#.###.#.#####.#.###.###.#######.#.#.#####.#######.#.#.#.#.###.#.###.#
#...#.#.#.#.#...#.......#...#.#.....#.#.#.#...........#.....#...#.#...#.#.#.#.....#.#.#.#...#...#...#
#.#####.#.#.#########.###.###.#.#.#.###.#.#####.#.#.###.#.#####.#.#.#.#.###.###.#########.#####.###.#
#.......#.#.......#.#.......#.#.#.#...#.#.#.....#.#.#...#.....#.....#.....#.....#...#.........#.#...#
#########.#####.###.###.#.#########.#.#.#.#####.#########.#.#######.#########.###.#.#.###.#.#.#####.#
#.....#.#...#.....#.#.#.#.#.........#.#.....#.....#.#...#.#.#.#.#.............#...#.#.#...#.#.....#.#
#####.#.#.#.###.#.#.#.#.#.#########.#####.###.###.#.###.###.#.#.#.#####.#######.#.###.###.#.#.#.#.###
#.....#...#.#...#.#.#...#.....#.#.........#.....#...#.#.#.......#...#...#...#...#.#...#...#.#.#.#...#
#####.###.#.###.###.###########.#.#######.#####.###.#.#.#####.#...#.###.#.###.#.###.###.###.#####.###
#.....#.#.#.#.#.............#.#...#.#.....#.......#.....#.....#.#.#.#.....#...#.....#.#...#.....#.#.#
###.###.#.#.#.#.#.#.#.#.#####.###.#.###.###.###.#####.#.#######.#########.#.###.###.#.#####.#######.#
#.#...#.#.#.....#.#.#.#.........#.....#.#.....#.#.#...#.....#.....#...#...#.#.....#.#.....#.........#
#.###.#.#####.#########.#####.#####.#.###.#.#####.###########.###.#.#.###.#.#########.#.#######.#.#.#
#.#.....#.#...#.......#.#...#...#...#.#...#.#.....#...#.....#.#...#.#...#...#...#...#.#.#...#...#.#.#
#.#.#.###.#.###.#.#.#####.#########.#######.###.###.#.#####.#.#.###.###.#######.#.###.#.#.###########
#...#...........#.#.#...#.....#.......#.#.#.........#.#...#...#...#.#.....#.......#...#...#.#.#.#.#.#
#####.###.###.#.#######.#.###.#.#####.#.#.#######.#######.#.#.#.###.###.#########.#######.#.#.#.#.#.#
#.#...#...#...#.#...#.#.#.#...#.#.......#.....#.....#.#.....#.#.....#.......#.#...#.#.#.#.....#...#.#
#.###.#.#######.#.#.#.#.#.###.#######.#.#.#######.###.###.#########.#####.#.#.###.#.#.#.###.#####.#.#
#.#.#.#.....#.....#.#.#.....#...#.....#.#.........#.#.#.........#.....#...#.#.......#.......#...#.#.#
#.#.#.###.#####.###.#.#.#.#.#.###.#########.#######.#.#.###.#.#.#.#########.#.#.###.###.###.#.###.#.#
#.#.....#.....#.#.#.....#.#.#...#.#.#.............#...#...#.#.#.......#.#.#...#...#.....#.....#.....#
#.#.#####.#.#####.###.###.###.###.#.###.###########.###.#######.###.#.#.#.#.#######.#######.#.#####.#
#.......#.#...#...#.....#...#...#.#.#.#...#.#.......#.....#.#.#...#.#.#.#.#...#.......#.....#...#.#.#
#.#.###.#.#######.#.#####.###.#####.#.#.#.#.#####.#.#.#.###.#.#########.#.#####.#########.#.#####.#.#
#.#.#...#.........#.#.......#.......#...#.........#.#.#.....#...#.............#.#.....#.#.#...#.....#
#.###.#########.#.#########.###.#.#.#.#.###.###.#.#.#####.#####.#.#.#######.###.#.###.#.###.#.###.#.#
#...#.#.......#.#...#.......#...#.#.#.#...#...#.#.#.#...........#.#.#...#.#.#.#.....#.#.....#.#.#.#.#
#.#.#####.#.#.#.#####.#######.###.#################.#####.#######.#####.#.#.#.###.#.###.#####.#.###.#
#.#.#.....#.#.....#...#.........#.#G....................................#.........#.#.......#........
#################################S#################################################################.#